// Jest Snapshot v1, https://goo.gl/fbAQLP

exports[`TartzFactory #createPool gas 1`] = `4557092`;

exports[`TartzFactory factory bytecode size 1`] = `24535`;

exports[`TartzFactory pool bytecode size 1`] = `22142`;
